// Jest Snapshot v1, https://goo.gl/fbAQLP

exports[`Render app check snapshot tree 1`] = `
<div
  className="component-app"
>
  <h1
    className="App-title"
  >
    React Cards
  </h1>
</div>
`;
