// Jest Snapshot v1, https://goo.gl/fbAQLP

exports[`Render App 1`] = `
<div
  className="App"
>
  <h1
    className="App-title"
  >
    Welcome to React
  </h1>
</div>
`;

exports[`Render app renders three <Foo /> components 1`] = `
<div
  className="App"
>
  <h1
    className="App-title"
  >
    Welcome to React
  </h1>
</div>
`;
